manifests should match snapshot:
  1: |
    apiVersion: v1
    data:
      config.yaml: |
        schedulerName: slurm-bridge-scheduler
        slurmRestApi: http://slurm-restapi.slurm:6820
        managedNamespaces:
          - slurm-bridge
        mcsLabel: kubernetes
        partition: slurm-bridge
        deviceProfiles:
          null
    kind: ConfigMap
    metadata:
      labels:
        app.kubernetes.io/managed-by: Helm
        app.kubernetes.io/version: 1.2.3
        helm.sh/chart: slurm-bridge-1.2.3
      name: slurm-bridge-config
      namespace: test-namespace
  2: |
    apiVersion: v1
    data:
      scheduler-config.yaml: |
        apiVersion: kubescheduler.config.k8s.io/v1
        kind: KubeSchedulerConfiguration
        leaderElection:
          leaderElect: false
          resourceNamespace: test-namespace
          resourceName: slurm-bridge-scheduler
        profiles:
        - schedulerName: slurm-bridge-scheduler
          plugins:
            queueSort:
              enabled:
              - name: 'PrioritySort'
            preEnqueue:
              enabled:
              - name: 'SlurmBridge'
              - name: 'GangScheduling'
            preFilter:
              enabled:
              - name: 'VolumeBinding'
              - name: 'NodeResourcesFit'
              - name: 'SlurmBridge'
            filter:
              enabled:
              - name: 'VolumeBinding'
              - name: 'TaintToleration'
              - name: 'NodeResourcesFit'
              - name: 'SlurmBridge'
            postFilter:
              enabled:
              - name: 'SlurmBridge'
            podGroupPostFilter:
              enabled:
              - name: 'SlurmBridge'
            reserve:
              enabled:
              - name: 'VolumeBinding'
            preBind:
              enabled:
              - name: 'VolumeBinding'
              - name: 'SlurmBridge'
            bind:
              enabled:
              - name: 'DefaultBinder'
            multiPoint:
              disabled:
              - name: '*'
          pluginConfig:
          - name: SlurmBridge
    kind: ConfigMap
    metadata:
      name: scheduler-config
      namespace: test-namespace
  3: |
    apiVersion: apps/v1
    kind: Deployment
    metadata:
      labels:
        app.kubernetes.io/component: scheduler
        app.kubernetes.io/instance: test-release
        app.kubernetes.io/managed-by: Helm
        app.kubernetes.io/name: slurm-bridge-scheduler
        app.kubernetes.io/version: 1.2.3
        helm.sh/chart: slurm-bridge-1.2.3
      name: slurm-bridge-scheduler
      namespace: test-namespace
    spec:
      replicas: 1
      selector:
        matchLabels:
          app.kubernetes.io/instance: test-release
          app.kubernetes.io/name: slurm-bridge-scheduler
      template:
        metadata:
          annotations:
            checksum/config: 4c66f3f82b31e46a78b5d7b4fa22876f0395227f90b29ded4260606755a543e4
            checksum/scheduler-config: f4b19fca5e7f63f9b0ffb785310a5652832a32ccc6d8f88bf50585d7a865b6a2
          labels:
            app.kubernetes.io/component: scheduler
            app.kubernetes.io/instance: test-release
            app.kubernetes.io/managed-by: Helm
            app.kubernetes.io/name: slurm-bridge-scheduler
            app.kubernetes.io/version: 1.2.3
            helm.sh/chart: slurm-bridge-1.2.3
        spec:
          containers:
            - args:
                - --config=/etc/kubernetes/scheduler-config.yaml
                - --feature-gates=CompositePodGroup=true,DRAExtendedResource=true,DynamicResourceAllocation=true,GenericWorkload=true,SchedulerPopFromBackoffQ=false,SlurmBridgeGenericWorkload=true,TopologyAwareWorkloadScheduling=true
              env:
                - name: SLURM_JWT_FILE
                  value: /var/run/secrets/slurm/auth-token
              image: ghcr.io/slinkyproject/slurm-bridge-scheduler:1.2.3
              imagePullPolicy: IfNotPresent
              livenessProbe:
                httpGet:
                  path: /healthz
                  port: 10259
                  scheme: HTTPS
                initialDelaySeconds: 15
              name: scheduler
              readinessProbe:
                httpGet:
                  path: /healthz
                  port: 10259
                  scheme: HTTPS
              securityContext:
                privileged: false
              volumeMounts:
                - mountPath: /etc/kubernetes
                  name: scheduler-config
                  readOnly: true
                - mountPath: /etc/slurm-bridge/
                  name: slurm-bridge-config
                  readOnly: true
                - mountPath: /var/run/secrets/slurm
                  name: slurm-jwt
                  readOnly: true
          hostNetwork: false
          hostPID: false
          serviceAccountName: slurm-bridge-scheduler
          volumes:
            - configMap:
                name: scheduler-config
              name: scheduler-config
            - configMap:
                name: slurm-bridge-config
              name: slurm-bridge-config
            - name: slurm-jwt
              secret:
                items:
                  - key: SLURM_JWT
                    path: auth-token
                secretName: slurm-bridge-token
  4: |
    apiVersion: rbac.authorization.k8s.io/v1
    kind: ClusterRole
    metadata:
      labels:
        app.kubernetes.io/component: scheduler
        app.kubernetes.io/instance: test-release
        app.kubernetes.io/managed-by: Helm
        app.kubernetes.io/name: slurm-bridge-scheduler
        app.kubernetes.io/version: 1.2.3
        helm.sh/chart: slurm-bridge-1.2.3
      name: test-release-slurm-bridge-scheduler
    rules:
      - apiGroups:
          - ""
        resources:
          - namespaces
          - nodes
        verbs:
          - get
          - list
          - watch
      - apiGroups:
          - ""
        resources:
          - persistentvolumeclaims
          - persistentvolumes
        verbs:
          - get
          - list
          - update
          - watch
      - apiGroups:
          - ""
        resources:
          - pods
        verbs:
          - get
          - list
          - patch
          - watch
      - apiGroups:
          - ""
        resources:
          - pods/binding
        verbs:
          - create
      - apiGroups:
          - ""
        resources:
          - pods/finalizers
          - pods/status
        verbs:
          - patch
      - apiGroups:
          - ""
          - events.k8s.io
        resources:
          - events
        verbs:
          - create
          - patch
          - update
      - apiGroups:
          - apps
        resources:
          - replicasets
          - statefulsets
        verbs:
          - get
          - list
          - watch
      - apiGroups:
          - authentication.k8s.io
        resources:
          - tokenreviews
        verbs:
          - create
      - apiGroups:
          - authorization.k8s.io
        resources:
          - subjectaccessreviews
        verbs:
          - create
      - apiGroups:
          - batch
        resources:
          - jobs
        verbs:
          - get
      - apiGroups:
          - coordination.k8s.io
        resources:
          - leases
        verbs:
          - create
          - get
          - list
          - update
      - apiGroups:
          - extensions
        resources:
          - replicasets
        verbs:
          - get
          - list
          - watch
      - apiGroups:
          - jobset.x-k8s.io
        resources:
          - jobsets
        verbs:
          - get
      - apiGroups:
          - leaderworkerset.x-k8s.io
        resources:
          - leaderworkersets
        verbs:
          - get
      - apiGroups:
          - ray.io
        resources:
          - rayclusters
        verbs:
          - get
      - apiGroups:
          - resource.k8s.io
        resources:
          - deviceclasses
          - resourceslices
        verbs:
          - get
          - list
          - watch
      - apiGroups:
          - resource.k8s.io
        resources:
          - resourceclaims
        verbs:
          - create
          - delete
          - get
          - list
          - update
          - watch
      - apiGroups:
          - resource.k8s.io
        resources:
          - resourceclaims/binding
          - resourceclaims/status
        verbs:
          - patch
      - apiGroups:
          - scheduling.k8s.io
        resources:
          - compositepodgroups
          - podgroups
        verbs:
          - get
          - list
          - watch
      - apiGroups:
          - scheduling.k8s.io
        resources:
          - compositepodgroups/status
          - podgroups/status
        verbs:
          - patch
          - update
      - apiGroups:
          - scheduling.k8s.io
        resources:
          - workloads
        verbs:
          - get
      - apiGroups:
          - scheduling.x-k8s.io
        resources:
          - podgroups
        verbs:
          - get
      - apiGroups:
          - storage.k8s.io
        resources:
          - csidrivers
          - csinodes
          - csistoragecapacities
          - storageclasses
        verbs:
          - get
          - list
          - watch
  5: |
    apiVersion: rbac.authorization.k8s.io/v1
    kind: ClusterRoleBinding
    metadata:
      labels:
        app.kubernetes.io/component: scheduler
        app.kubernetes.io/instance: test-release
        app.kubernetes.io/managed-by: Helm
        app.kubernetes.io/name: slurm-bridge-scheduler
        app.kubernetes.io/version: 1.2.3
        helm.sh/chart: slurm-bridge-1.2.3
      name: test-release-slurm-bridge-scheduler
    roleRef:
      apiGroup: rbac.authorization.k8s.io
      kind: ClusterRole
      name: test-release-slurm-bridge-scheduler
    subjects:
      - kind: ServiceAccount
        name: slurm-bridge-scheduler
        namespace: test-namespace
  6: |
    apiVersion: rbac.authorization.k8s.io/v1
    kind: ClusterRole
    metadata:
      labels:
        app.kubernetes.io/component: scheduler
        app.kubernetes.io/instance: test-release
        app.kubernetes.io/managed-by: Helm
        app.kubernetes.io/name: slurm-bridge-scheduler
        app.kubernetes.io/version: 1.2.3
        helm.sh/chart: slurm-bridge-1.2.3
      name: test-release-slurm-bridge-metrics-reader
    rules:
      - nonResourceURLs:
          - /metrics
        verbs:
          - get
  7: |
    apiVersion: rbac.authorization.k8s.io/v1
    kind: RoleBinding
    metadata:
      name: test-release-slurm-bridge-scheduler::extension-apiserver-authentication-reader
      namespace: kube-system
    roleRef:
      apiGroup: rbac.authorization.k8s.io
      kind: Role
      name: extension-apiserver-authentication-reader
    subjects:
      - kind: ServiceAccount
        name: slurm-bridge-scheduler
        namespace: test-namespace
  8: |
    apiVersion: v1
    kind: Service
    metadata:
      labels:
        app.kubernetes.io/component: scheduler
        app.kubernetes.io/instance: test-release
        app.kubernetes.io/managed-by: Helm
        app.kubernetes.io/name: slurm-bridge-scheduler
        app.kubernetes.io/version: 1.2.3
        helm.sh/chart: slurm-bridge-1.2.3
      name: slurm-bridge-scheduler
      namespace: test-namespace
    spec:
      ports:
        - name: https-metrics
          port: 10259
          protocol: TCP
          targetPort: 10259
      selector:
        app.kubernetes.io/instance: test-release
        app.kubernetes.io/name: slurm-bridge-scheduler
      type: ClusterIP
  9: |
    apiVersion: v1
    kind: ServiceAccount
    metadata:
      name: slurm-bridge-scheduler
      namespace: test-namespace
